§log|description:Print a value or expression to output _|
§echo|description:Repeat a value without modification _|
§ask|description:Query the user or external interface for input _|
§set|description:Assign a value to a variable using symbolic reference _|
§add|description:Perform symbolic addition or concatenation _|
§typeof|description:Return the inferred symbolic type of a value _|
§identity|description:Return the identity label or binding name of a value _|
§call|description:Invoke a function or identity by reference _|
§mock|description:Express symbolic ridicule or irony toward a value _|
§warn|description:Emit a symbolic warning with intent _|
§emphasize|description:Strengthen symbolic tone of value or assertion _|
§burn|description:Destroy symbolic entity or unlink scope _|
§dream|description:Invoke speculative or alternative interpretation layer _|
§bleed|description:Allow symbolic overlap into adjacent scope _|
§trace|description:Output symbolic call path or evaluation history _|
§summon|description:Instantiate or refer to a named symbolic construct _|
§wait|description:Pause evaluation for symbolic or literal duration _|
§sing|description:Output value in performative expressive mode _|
§absorb|description:Ingest values from outer scope into current context _|
§consume|description:Extract values from inner scope into outer context _|
§reveal|description:Expose hidden or encapsulated values _|
§TRUE|1 _|
§FALSE|0 _|
